
*** Running vivado
    with args -log alchitry_top.vds -m64 -product Vivado -mode batch -messageDb vivado.pb -notrace -source alchitry_top.tcl



****** Vivado v2024.2 (64-bit)
  **** SW Build 5239630 on Fri Nov 08 22:35:27 MST 2024
  **** IP Build 5239520 on Sun Nov 10 16:12:51 MST 2024
  **** SharedData Build 5239561 on Fri Nov 08 14:39:27 MST 2024
  **** Start of session at: Tue Apr 15 16:50:32 2025
    ** Copyright 1986-2022 Xilinx, Inc. All Rights Reserved.
    ** Copyright 2022-2024 Advanced Micro Devices, Inc. All Rights Reserved.

source alchitry_top.tcl -notrace
Command: synth_design -top alchitry_top -part xc7a35tftg256-1
Starting synth_design
Attempting to get a license for feature 'Synthesis' and/or device 'xc7a35t'
INFO: [Common 17-349] Got license for feature 'Synthesis' and/or device 'xc7a35t'
INFO: [Device 21-403] Loading part xc7a35tftg256-1
INFO: [Synth 8-7079] Multithreading enabled for synth_design using a maximum of 2 processes.
INFO: [Synth 8-7078] Launching helper process for spawning children vivado processes
INFO: [Synth 8-7075] Helper process launched with PID 6964
---------------------------------------------------------------------------------
Starting RTL Elaboration : Time (s): cpu = 00:00:06 ; elapsed = 00:00:06 . Memory (MB): peak = 947.098 ; gain = 466.207
---------------------------------------------------------------------------------
INFO: [Synth 8-6157] synthesizing module 'alchitry_top' [C:/Users/amith/OneDrive/Documents/VS Code Projects/1d-project-cl01-team-15/1d Game/build/vivado/1d Game.srcs/sources_1/imports/source/alchitry_top.sv:7]
INFO: [Synth 8-6157] synthesizing module 'reset_conditioner' [C:/Users/amith/OneDrive/Documents/VS Code Projects/1d-project-cl01-team-15/1d Game/build/vivado/1d Game.srcs/sources_1/imports/source/reset_conditioner.sv:7]
	Parameter STAGES bound to: 3'b100 
INFO: [Synth 8-6155] done synthesizing module 'reset_conditioner' (0#1) [C:/Users/amith/OneDrive/Documents/VS Code Projects/1d-project-cl01-team-15/1d Game/build/vivado/1d Game.srcs/sources_1/imports/source/reset_conditioner.sv:7]
INFO: [Synth 8-6157] synthesizing module 'multi_seven_seg' [C:/Users/amith/OneDrive/Documents/VS Code Projects/1d-project-cl01-team-15/1d Game/build/vivado/1d Game.srcs/sources_1/imports/source/multi_seven_seg.sv:7]
	Parameter DIGITS bound to: 3'b100 
	Parameter DIV bound to: 5'b10000 
INFO: [Synth 8-6157] synthesizing module 'counter' [C:/Users/amith/OneDrive/Documents/VS Code Projects/1d-project-cl01-team-15/1d Game/build/vivado/1d Game.srcs/sources_1/imports/source/counter.sv:7]
	Parameter SIZE bound to: 2 - type: integer 
	Parameter DIV bound to: 5'b10000 
	Parameter TOP bound to: 3'b011 
	Parameter UP bound to: 1'b1 
INFO: [Synth 8-6155] done synthesizing module 'counter' (0#1) [C:/Users/amith/OneDrive/Documents/VS Code Projects/1d-project-cl01-team-15/1d Game/build/vivado/1d Game.srcs/sources_1/imports/source/counter.sv:7]
INFO: [Synth 8-6157] synthesizing module 'seven_seg' [C:/Users/amith/OneDrive/Documents/VS Code Projects/1d-project-cl01-team-15/1d Game/build/vivado/1d Game.srcs/sources_1/imports/source/seven_seg.sv:7]
INFO: [Synth 8-6155] done synthesizing module 'seven_seg' (0#1) [C:/Users/amith/OneDrive/Documents/VS Code Projects/1d-project-cl01-team-15/1d Game/build/vivado/1d Game.srcs/sources_1/imports/source/seven_seg.sv:7]
INFO: [Synth 8-6157] synthesizing module 'decoder' [C:/Users/amith/OneDrive/Documents/VS Code Projects/1d-project-cl01-team-15/1d Game/build/vivado/1d Game.srcs/sources_1/imports/source/decoder.sv:7]
	Parameter WIDTH bound to: 2 - type: integer 
INFO: [Synth 8-6155] done synthesizing module 'decoder' (0#1) [C:/Users/amith/OneDrive/Documents/VS Code Projects/1d-project-cl01-team-15/1d Game/build/vivado/1d Game.srcs/sources_1/imports/source/decoder.sv:7]
INFO: [Synth 8-6155] done synthesizing module 'multi_seven_seg' (0#1) [C:/Users/amith/OneDrive/Documents/VS Code Projects/1d-project-cl01-team-15/1d Game/build/vivado/1d Game.srcs/sources_1/imports/source/multi_seven_seg.sv:7]
INFO: [Synth 8-6157] synthesizing module 'game_datapath' [C:/Users/amith/OneDrive/Documents/VS Code Projects/1d-project-cl01-team-15/1d Game/build/vivado/1d Game.srcs/sources_1/imports/source/game_datapath.sv:7]
	Parameter SLOW_CLOCK_DIV bound to: 5'b11010 
	Parameter FAST_CLOCK_DIV bound to: 5'b11001 
	Parameter BOOLEAN_CLOCK_DIV bound to: 3'b101 
INFO: [Synth 8-6157] synthesizing module 'alu' [C:/Users/amith/OneDrive/Documents/VS Code Projects/1d-project-cl01-team-15/1d Game/build/vivado/1d Game.srcs/sources_1/imports/source/alu.sv:7]
INFO: [Synth 8-6155] done synthesizing module 'alu' (0#1) [C:/Users/amith/OneDrive/Documents/VS Code Projects/1d-project-cl01-team-15/1d Game/build/vivado/1d Game.srcs/sources_1/imports/source/alu.sv:7]
INFO: [Synth 8-6157] synthesizing module 'counter__parameterized0' [C:/Users/amith/OneDrive/Documents/VS Code Projects/1d-project-cl01-team-15/1d Game/build/vivado/1d Game.srcs/sources_1/imports/source/counter.sv:7]
	Parameter SIZE bound to: 1'b1 
	Parameter DIV bound to: 5'b11010 
	Parameter TOP bound to: 1'b0 
	Parameter UP bound to: 1'b1 
INFO: [Synth 8-6155] done synthesizing module 'counter__parameterized0' (0#1) [C:/Users/amith/OneDrive/Documents/VS Code Projects/1d-project-cl01-team-15/1d Game/build/vivado/1d Game.srcs/sources_1/imports/source/counter.sv:7]
INFO: [Synth 8-6157] synthesizing module 'counter__parameterized1' [C:/Users/amith/OneDrive/Documents/VS Code Projects/1d-project-cl01-team-15/1d Game/build/vivado/1d Game.srcs/sources_1/imports/source/counter.sv:7]
	Parameter SIZE bound to: 1'b1 
	Parameter DIV bound to: 5'b11001 
	Parameter TOP bound to: 1'b0 
	Parameter UP bound to: 1'b1 
INFO: [Synth 8-6155] done synthesizing module 'counter__parameterized1' (0#1) [C:/Users/amith/OneDrive/Documents/VS Code Projects/1d-project-cl01-team-15/1d Game/build/vivado/1d Game.srcs/sources_1/imports/source/counter.sv:7]
INFO: [Synth 8-6157] synthesizing module 'counter__parameterized2' [C:/Users/amith/OneDrive/Documents/VS Code Projects/1d-project-cl01-team-15/1d Game/build/vivado/1d Game.srcs/sources_1/imports/source/counter.sv:7]
	Parameter SIZE bound to: 1'b1 
	Parameter DIV bound to: 3'b101 
	Parameter TOP bound to: 1'b0 
	Parameter UP bound to: 1'b1 
INFO: [Synth 8-6155] done synthesizing module 'counter__parameterized2' (0#1) [C:/Users/amith/OneDrive/Documents/VS Code Projects/1d-project-cl01-team-15/1d Game/build/vivado/1d Game.srcs/sources_1/imports/source/counter.sv:7]
INFO: [Synth 8-6157] synthesizing module 'edge_detector' [C:/Users/amith/OneDrive/Documents/VS Code Projects/1d-project-cl01-team-15/1d Game/build/vivado/1d Game.srcs/sources_1/imports/source/edge_detector.sv:7]
	Parameter RISE bound to: 1'b1 
	Parameter FALL bound to: 1'b0 
INFO: [Synth 8-6155] done synthesizing module 'edge_detector' (0#1) [C:/Users/amith/OneDrive/Documents/VS Code Projects/1d-project-cl01-team-15/1d Game/build/vivado/1d Game.srcs/sources_1/imports/source/edge_detector.sv:7]
INFO: [Synth 8-6157] synthesizing module 'game_cu' [C:/Users/amith/OneDrive/Documents/VS Code Projects/1d-project-cl01-team-15/1d Game/build/vivado/1d Game.srcs/sources_1/imports/source/game_cu.sv:7]
INFO: [Synth 8-155] case statement is not full and has no default [C:/Users/amith/OneDrive/Documents/VS Code Projects/1d-project-cl01-team-15/1d Game/build/vivado/1d Game.srcs/sources_1/imports/source/game_cu.sv:104]
INFO: [Synth 8-6155] done synthesizing module 'game_cu' (0#1) [C:/Users/amith/OneDrive/Documents/VS Code Projects/1d-project-cl01-team-15/1d Game/build/vivado/1d Game.srcs/sources_1/imports/source/game_cu.sv:7]
WARNING: [Synth 8-689] width (32) of port connection 'current_player' does not match port width (1) of module 'game_cu' [C:/Users/amith/OneDrive/Documents/VS Code Projects/1d-project-cl01-team-15/1d Game/build/vivado/1d Game.srcs/sources_1/imports/source/game_datapath.sv:177]
INFO: [Synth 8-6157] synthesizing module 'game_regfiles' [C:/Users/amith/OneDrive/Documents/VS Code Projects/1d-project-cl01-team-15/1d Game/build/vivado/1d Game.srcs/sources_1/imports/source/game_regfiles.sv:7]
INFO: [Synth 8-155] case statement is not full and has no default [C:/Users/amith/OneDrive/Documents/VS Code Projects/1d-project-cl01-team-15/1d Game/build/vivado/1d Game.srcs/sources_1/imports/source/game_regfiles.sv:54]
INFO: [Synth 8-6155] done synthesizing module 'game_regfiles' (0#1) [C:/Users/amith/OneDrive/Documents/VS Code Projects/1d-project-cl01-team-15/1d Game/build/vivado/1d Game.srcs/sources_1/imports/source/game_regfiles.sv:7]
INFO: [Synth 8-6155] done synthesizing module 'game_datapath' (0#1) [C:/Users/amith/OneDrive/Documents/VS Code Projects/1d-project-cl01-team-15/1d Game/build/vivado/1d Game.srcs/sources_1/imports/source/game_datapath.sv:7]
INFO: [Synth 8-6157] synthesizing module 'button_input_handler' [C:/Users/amith/OneDrive/Documents/VS Code Projects/1d-project-cl01-team-15/1d Game/build/vivado/1d Game.srcs/sources_1/imports/source/button_input_handler.sv:7]
INFO: [Synth 8-6157] synthesizing module 'button_conditioner' [C:/Users/amith/OneDrive/Documents/VS Code Projects/1d-project-cl01-team-15/1d Game/build/vivado/1d Game.srcs/sources_1/imports/source/button_conditioner.sv:7]
	Parameter CLK_FREQ bound to: 27'b101111101011110000100000000 
	Parameter MIN_DELAY bound to: 5'b10100 
	Parameter NUM_SYNC bound to: 2'b10 
INFO: [Synth 8-6157] synthesizing module 'pipeline' [C:/Users/amith/OneDrive/Documents/VS Code Projects/1d-project-cl01-team-15/1d Game/build/vivado/1d Game.srcs/sources_1/imports/source/pipeline.sv:7]
	Parameter DEPTH bound to: 2'b10 
INFO: [Synth 8-6155] done synthesizing module 'pipeline' (0#1) [C:/Users/amith/OneDrive/Documents/VS Code Projects/1d-project-cl01-team-15/1d Game/build/vivado/1d Game.srcs/sources_1/imports/source/pipeline.sv:7]
INFO: [Synth 8-6155] done synthesizing module 'button_conditioner' (0#1) [C:/Users/amith/OneDrive/Documents/VS Code Projects/1d-project-cl01-team-15/1d Game/build/vivado/1d Game.srcs/sources_1/imports/source/button_conditioner.sv:7]
INFO: [Synth 8-6155] done synthesizing module 'button_input_handler' (0#1) [C:/Users/amith/OneDrive/Documents/VS Code Projects/1d-project-cl01-team-15/1d Game/build/vivado/1d Game.srcs/sources_1/imports/source/button_input_handler.sv:7]
INFO: [Synth 8-6157] synthesizing module 'led_bar_handler' [C:/Users/amith/OneDrive/Documents/VS Code Projects/1d-project-cl01-team-15/1d Game/build/vivado/1d Game.srcs/sources_1/imports/source/led_bar_handler.sv:7]
	Parameter PIXEL_COUNT bound to: 4'b1010 
INFO: [Synth 8-6157] synthesizing module 'ws2812b_driver' [C:/Users/amith/OneDrive/Documents/VS Code Projects/1d-project-cl01-team-15/1d Game/build/vivado/1d Game.srcs/sources_1/imports/source/ws2812b_driver.sv:7]
	Parameter PIXEL_COUNT bound to: 4'b1010 
INFO: [Synth 8-155] case statement is not full and has no default [C:/Users/amith/OneDrive/Documents/VS Code Projects/1d-project-cl01-team-15/1d Game/build/vivado/1d Game.srcs/sources_1/imports/source/ws2812b_driver.sv:59]
INFO: [Synth 8-6155] done synthesizing module 'ws2812b_driver' (0#1) [C:/Users/amith/OneDrive/Documents/VS Code Projects/1d-project-cl01-team-15/1d Game/build/vivado/1d Game.srcs/sources_1/imports/source/ws2812b_driver.sv:7]
INFO: [Synth 8-6155] done synthesizing module 'led_bar_handler' (0#1) [C:/Users/amith/OneDrive/Documents/VS Code Projects/1d-project-cl01-team-15/1d Game/build/vivado/1d Game.srcs/sources_1/imports/source/led_bar_handler.sv:7]
INFO: [Synth 8-6157] synthesizing module 'bin_to_dec' [C:/Users/amith/OneDrive/Documents/VS Code Projects/1d-project-cl01-team-15/1d Game/build/vivado/1d Game.srcs/sources_1/imports/source/bin_to_dec.sv:7]
	Parameter DIGITS bound to: 3'b100 
	Parameter LEADING_ZEROS bound to: 1'b0 
INFO: [Synth 8-6155] done synthesizing module 'bin_to_dec' (0#1) [C:/Users/amith/OneDrive/Documents/VS Code Projects/1d-project-cl01-team-15/1d Game/build/vivado/1d Game.srcs/sources_1/imports/source/bin_to_dec.sv:7]
INFO: [Synth 8-6157] synthesizing module 'bin_to_dec__parameterized0' [C:/Users/amith/OneDrive/Documents/VS Code Projects/1d-project-cl01-team-15/1d Game/build/vivado/1d Game.srcs/sources_1/imports/source/bin_to_dec.sv:7]
	Parameter DIGITS bound to: 1'b1 
	Parameter LEADING_ZEROS bound to: 1'b0 
INFO: [Synth 8-6155] done synthesizing module 'bin_to_dec__parameterized0' (0#1) [C:/Users/amith/OneDrive/Documents/VS Code Projects/1d-project-cl01-team-15/1d Game/build/vivado/1d Game.srcs/sources_1/imports/source/bin_to_dec.sv:7]
INFO: [Synth 8-6155] done synthesizing module 'alchitry_top' (0#1) [C:/Users/amith/OneDrive/Documents/VS Code Projects/1d-project-cl01-team-15/1d Game/build/vivado/1d Game.srcs/sources_1/imports/source/alchitry_top.sv:7]
WARNING: [Synth 8-6014] Unused sequential element D_i_q_reg was removed.  [C:/Users/amith/OneDrive/Documents/VS Code Projects/1d-project-cl01-team-15/1d Game/build/vivado/1d Game.srcs/sources_1/imports/source/led_bar_handler.sv:87]
WARNING: [Synth 8-6014] Unused sequential element D_setting_q_reg was removed.  [C:/Users/amith/OneDrive/Documents/VS Code Projects/1d-project-cl01-team-15/1d Game/build/vivado/1d Game.srcs/sources_1/imports/source/led_bar_handler.sv:88]
WARNING: [Synth 8-3917] design alchitry_top has port led[7] driven by constant 0
WARNING: [Synth 8-7129] Port level[3] in module led_bar_handler is either unconnected or has no load
WARNING: [Synth 8-7129] Port level[2] in module led_bar_handler is either unconnected or has no load
WARNING: [Synth 8-7129] Port level[1] in module led_bar_handler is either unconnected or has no load
WARNING: [Synth 8-7129] Port level[0] in module led_bar_handler is either unconnected or has no load
WARNING: [Synth 8-7129] Port bool_timer in module game_cu is either unconnected or has no load
WARNING: [Synth 8-7129] Port io_button[4] in module alchitry_top is either unconnected or has no load
WARNING: [Synth 8-7129] Port io_button[3] in module alchitry_top is either unconnected or has no load
WARNING: [Synth 8-7129] Port io_button[2] in module alchitry_top is either unconnected or has no load
WARNING: [Synth 8-7129] Port io_button[1] in module alchitry_top is either unconnected or has no load
WARNING: [Synth 8-7129] Port io_button[0] in module alchitry_top is either unconnected or has no load
WARNING: [Synth 8-7129] Port io_dip[2][7] in module alchitry_top is either unconnected or has no load
WARNING: [Synth 8-7129] Port io_dip[2][6] in module alchitry_top is either unconnected or has no load
WARNING: [Synth 8-7129] Port io_dip[2][5] in module alchitry_top is either unconnected or has no load
WARNING: [Synth 8-7129] Port io_dip[2][4] in module alchitry_top is either unconnected or has no load
WARNING: [Synth 8-7129] Port io_dip[2][3] in module alchitry_top is either unconnected or has no load
WARNING: [Synth 8-7129] Port io_dip[2][2] in module alchitry_top is either unconnected or has no load
WARNING: [Synth 8-7129] Port data in module alchitry_top is either unconnected or has no load
---------------------------------------------------------------------------------
Finished RTL Elaboration : Time (s): cpu = 00:00:07 ; elapsed = 00:00:08 . Memory (MB): peak = 1062.867 ; gain = 581.977
---------------------------------------------------------------------------------
---------------------------------------------------------------------------------
Start Handling Custom Attributes
---------------------------------------------------------------------------------
---------------------------------------------------------------------------------
Finished Handling Custom Attributes : Time (s): cpu = 00:00:08 ; elapsed = 00:00:08 . Memory (MB): peak = 1062.867 ; gain = 581.977
---------------------------------------------------------------------------------
---------------------------------------------------------------------------------
Finished RTL Optimization Phase 1 : Time (s): cpu = 00:00:08 ; elapsed = 00:00:08 . Memory (MB): peak = 1062.867 ; gain = 581.977
---------------------------------------------------------------------------------
Netlist sorting complete. Time (s): cpu = 00:00:00 ; elapsed = 00:00:00.021 . Memory (MB): peak = 1062.867 ; gain = 0.000
INFO: [Project 1-570] Preparing netlist for logic optimization

Processing XDC Constraints
Initializing timing engine
Parsing XDC File [C:/Users/amith/OneDrive/Documents/VS Code Projects/1d-project-cl01-team-15/1d Game/build/constraint/alchitry.xdc]
Finished Parsing XDC File [C:/Users/amith/OneDrive/Documents/VS Code Projects/1d-project-cl01-team-15/1d Game/build/constraint/alchitry.xdc]
INFO: [Project 1-236] Implementation specific constraints were found while reading constraint file [C:/Users/amith/OneDrive/Documents/VS Code Projects/1d-project-cl01-team-15/1d Game/build/constraint/alchitry.xdc]. These constraints will be ignored for synthesis but will be used in implementation. Impacted constraints are listed in the file [.Xil/alchitry_top_propImpl.xdc].
Resolution: To avoid this warning, move constraints listed in [.Xil/alchitry_top_propImpl.xdc] to another XDC file and exclude this new file from synthesis with the used_in_synthesis property (File Properties dialog in GUI) and re-run elaboration/synthesis.
Parsing XDC File [C:/Users/amith/OneDrive/Documents/VS Code Projects/1d-project-cl01-team-15/1d Game/build/constraint/au_props.xdc]
Finished Parsing XDC File [C:/Users/amith/OneDrive/Documents/VS Code Projects/1d-project-cl01-team-15/1d Game/build/constraint/au_props.xdc]
Completed Processing XDC Constraints

Netlist sorting complete. Time (s): cpu = 00:00:00 ; elapsed = 00:00:00.001 . Memory (MB): peak = 1160.199 ; gain = 0.000
INFO: [Project 1-111] Unisim Transformation Summary:
No Unisim elements were transformed.

Constraint Validation Runtime : Time (s): cpu = 00:00:00 ; elapsed = 00:00:00.007 . Memory (MB): peak = 1160.199 ; gain = 0.000
---------------------------------------------------------------------------------
Finished Constraint Validation : Time (s): cpu = 00:00:17 ; elapsed = 00:00:18 . Memory (MB): peak = 1160.199 ; gain = 679.309
---------------------------------------------------------------------------------
---------------------------------------------------------------------------------
Start Loading Part and Timing Information
---------------------------------------------------------------------------------
Loading part: xc7a35tftg256-1
---------------------------------------------------------------------------------
Finished Loading Part and Timing Information : Time (s): cpu = 00:00:17 ; elapsed = 00:00:18 . Memory (MB): peak = 1160.199 ; gain = 679.309
---------------------------------------------------------------------------------
---------------------------------------------------------------------------------
Start Applying 'set_property' XDC Constraints
---------------------------------------------------------------------------------
---------------------------------------------------------------------------------
Finished applying 'set_property' XDC Constraints : Time (s): cpu = 00:00:17 ; elapsed = 00:00:18 . Memory (MB): peak = 1160.199 ; gain = 679.309
---------------------------------------------------------------------------------
INFO: [Synth 8-802] inferred FSM for state register 'D_game_fsm_q_reg' in module 'game_cu'
INFO: [Synth 8-802] inferred FSM for state register 'D_state_q_reg' in module 'ws2812b_driver'
---------------------------------------------------------------------------------------------------
                   State |                     New Encoding |                Previous Encoding 
---------------------------------------------------------------------------------------------------
                iSTATE26 | 0000000000000000000000000000000000000000000000000000000001 |                           110100
                iSTATE23 | 0000000000000000000000000000000000000000000000000000000010 |                           110101
                iSTATE20 | 0000000000000000000000000000000000000000000000000000000100 |                           110110
                iSTATE18 | 0000000000000000000000000000000000000000000000000000001000 |                           110111
                iSTATE21 | 0000000000000000000000000000000000000000000000000000010000 |                           111001
                iSTATE24 | 0000000000000000000000000000000000000000000000000000100000 |                           111000
                iSTATE19 | 0000000000000000000000000000000000000000000000000001000000 |                           111010
                iSTATE49 | 0000000000000000000000000000000000000000000000000010000000 |                           110000
                 iSTATE1 | 0000000000000000000000000000000000000000000000000100000000 |                           000000
                iSTATE41 | 0000000000000000000000000000000000000000000000001000000000 |                           000100
                iSTATE38 | 0000000000000000000000000000000000000000000000010000000000 |                           000101
                iSTATE36 | 0000000000000000000000000000000000000000000000100000000000 |                           000110
                iSTATE33 | 0000000000000000000000000000000000000000000001000000000000 |                           000111
                iSTATE39 | 0000000000000000000000000000000000000000000010000000000000 |                           001000
                iSTATE37 | 0000000000000000000000000000000000000000000100000000000000 |                           001001
                iSTATE34 | 0000000000000000000000000000000000000000001000000000000000 |                           001010
                iSTATE32 | 0000000000000000000000000000000000000000010000000000000000 |                           001011
                iSTATE17 | 0000000000000000000000000000000000000000100000000000000000 |                           001100
                iSTATE16 | 0000000000000000000000000000000000000001000000000000000000 |                           001101
                iSTATE15 | 0000000000000000000000000000000000000010000000000000000000 |                           001110
                iSTATE11 | 0000000000000000000000000000000000000100000000000000000000 |                           001111
                iSTATE35 | 0000000000000000000000000000000000001000000000000000000000 |                           010000
                iSTATE31 | 0000000000000000000000000000000000010000000000000000000000 |                           010001
                iSTATE28 | 0000000000000000000000000000000000100000000000000000000000 |                           010010
                iSTATE27 | 0000000000000000000000000000000001000000000000000000000000 |                           010011
                iSTATE14 | 0000000000000000000000000000000010000000000000000000000000 |                           010100
                iSTATE10 | 0000000000000000000000000000000100000000000000000000000000 |                           010101
                 iSTATE7 | 0000000000000000000000000000001000000000000000000000000000 |                           010110
                 iSTATE5 | 0000000000000000000000000000010000000000000000000000000000 |                           010111
                iSTATE12 | 0000000000000000000000000000100000000000000000000000000000 |                           011000
                 iSTATE8 | 0000000000000000000000000001000000000000000000000000000000 |                           011001
                 iSTATE4 | 0000000000000000000000000010000000000000000000000000000000 |                           011010
                 iSTATE2 | 0000000000000000000000000100000000000000000000000000000000 |                           011011
                iSTATE44 | 0000000000000000000000001000000000000000000000000000000000 |                           011111
                iSTATE13 | 0000000000000000000000010000000000000000000000000000000000 |                           100000
                 iSTATE9 | 0000000000000000000000100000000000000000000000000000000000 |                           100001
                 iSTATE6 | 0000000000000000000001000000000000000000000000000000000000 |                           100010
                 iSTATE3 | 0000000000000000000010000000000000000000000000000000000000 |                           100011
                iSTATE56 | 0000000000000000000100000000000000000000000000000000000000 |                           100100
                iSTATE53 | 0000000000000000001000000000000000000000000000000000000000 |                           100101
                iSTATE50 | 0000000000000000010000000000000000000000000000000000000000 |                           100110
                iSTATE47 | 0000000000000000100000000000000000000000000000000000000000 |                           100111
                iSTATE54 | 0000000000000001000000000000000000000000000000000000000000 |                           101000
                iSTATE51 | 0000000000000010000000000000000000000000000000000000000000 |                           101001
                iSTATE46 | 0000000000000100000000000000000000000000000000000000000000 |                           101010
                iSTATE43 | 0000000000001000000000000000000000000000000000000000000000 |                           101011
                iSTATE30 | 0000000000010000000000000000000000000000000000000000000000 |                           101100
                iSTATE29 | 0000000000100000000000000000000000000000000000000000000000 |                           101101
                iSTATE25 | 0000000001000000000000000000000000000000000000000000000000 |                           101110
                iSTATE42 | 0000000010000000000000000000000000000000000000000000000000 |                           110010
                iSTATE40 | 0000000100000000000000000000000000000000000000000000000000 |                           110011
                iSTATE55 | 0000001000000000000000000000000000000000000000000000000000 |                           011100
                iSTATE52 | 0000010000000000000000000000000000000000000000000000000000 |                           011101
                iSTATE48 | 0000100000000000000000000000000000000000000000000000000000 |                           011110
                 iSTATE0 | 0001000000000000000000000000000000000000000000000000000000 |                           000001
                  iSTATE | 0010000000000000000000000000000000000000000000000000000000 |                           000010
                iSTATE57 | 0100000000000000000000000000000000000000000000000000000000 |                           000011
                iSTATE45 | 1000000000000000000000000000000000000000000000000000000000 |                           110001
---------------------------------------------------------------------------------------------------
INFO: [Synth 8-3354] encoded FSM with state register 'D_game_fsm_q_reg' using encoding 'one-hot' in module 'game_cu'
---------------------------------------------------------------------------------------------------
                   State |                     New Encoding |                Previous Encoding 
---------------------------------------------------------------------------------------------------
                  iSTATE |                               00 |                               01
                 iSTATE1 |                               01 |                               10
                 iSTATE0 |                               10 |                               00
---------------------------------------------------------------------------------------------------
INFO: [Synth 8-3354] encoded FSM with state register 'D_state_q_reg' using encoding 'sequential' in module 'ws2812b_driver'
---------------------------------------------------------------------------------
Finished RTL Optimization Phase 2 : Time (s): cpu = 00:00:18 ; elapsed = 00:00:19 . Memory (MB): peak = 1160.199 ; gain = 679.309
---------------------------------------------------------------------------------
---------------------------------------------------------------------------------
Start RTL Component Statistics 
---------------------------------------------------------------------------------
Detailed RTL Component Info : 
+---Adders : 
	   2 Input   32 Bit       Adders := 1     
	   3 Input   32 Bit       Adders := 1     
	   3 Input   14 Bit       Adders := 3     
	   2 Input    7 Bit       Adders := 1     
	   2 Input    6 Bit       Adders := 1     
	   2 Input    5 Bit       Adders := 1     
	   2 Input    4 Bit       Adders := 2     
+---XORs : 
	   2 Input     32 Bit         XORs := 1     
	   2 Input      1 Bit         XORs := 1     
+---Registers : 
	               32 Bit    Registers := 12    
	                7 Bit    Registers := 1     
	                6 Bit    Registers := 1     
	                5 Bit    Registers := 1     
	                4 Bit    Registers := 4     
	                2 Bit    Registers := 18    
	                1 Bit    Registers := 24    
+---Multipliers : 
	              32x32  Multipliers := 1     
+---Muxes : 
	  58 Input   58 Bit        Muxes := 1     
	   2 Input   58 Bit        Muxes := 10    
	   5 Input   32 Bit        Muxes := 1     
	   2 Input   32 Bit        Muxes := 1     
	   4 Input   32 Bit        Muxes := 1     
	   7 Input   32 Bit        Muxes := 1     
	   2 Input   14 Bit        Muxes := 3     
	   2 Input    8 Bit        Muxes := 3     
	  58 Input    6 Bit        Muxes := 2     
	   2 Input    6 Bit        Muxes := 1     
	   2 Input    5 Bit        Muxes := 1     
	   4 Input    4 Bit        Muxes := 1     
	  58 Input    4 Bit        Muxes := 3     
	   2 Input    4 Bit        Muxes := 6     
	   3 Input    4 Bit        Muxes := 1     
	  58 Input    3 Bit        Muxes := 2     
	   2 Input    3 Bit        Muxes := 2     
	   3 Input    3 Bit        Muxes := 1     
	   3 Input    2 Bit        Muxes := 1     
	   2 Input    2 Bit        Muxes := 1     
	   2 Input    1 Bit        Muxes := 22    
	  58 Input    1 Bit        Muxes := 3     
	  13 Input    1 Bit        Muxes := 12    
	   3 Input    1 Bit        Muxes := 12    
---------------------------------------------------------------------------------
Finished RTL Component Statistics 
---------------------------------------------------------------------------------
---------------------------------------------------------------------------------
Start Part Resource Summary
---------------------------------------------------------------------------------
Part Resources:
DSPs: 90 (col length:60)
BRAMs: 100 (col length: RAMB18 60 RAMB36 30)
---------------------------------------------------------------------------------
Finished Part Resource Summary
---------------------------------------------------------------------------------
---------------------------------------------------------------------------------
Start Cross Boundary and Area Optimization
---------------------------------------------------------------------------------
WARNING: [Synth 8-7080] Parallel synthesis criteria is not met
DSP Report: Generating DSP out_sig0, operation Mode is: A*B.
DSP Report: operator out_sig0 is absorbed into DSP out_sig0.
DSP Report: operator out_sig0 is absorbed into DSP out_sig0.
DSP Report: Generating DSP out_sig0, operation Mode is: (PCIN>>17)+A*B.
DSP Report: operator out_sig0 is absorbed into DSP out_sig0.
DSP Report: operator out_sig0 is absorbed into DSP out_sig0.
DSP Report: Generating DSP out_sig0, operation Mode is: A*B.
DSP Report: operator out_sig0 is absorbed into DSP out_sig0.
DSP Report: operator out_sig0 is absorbed into DSP out_sig0.
DSP Report: Generating DSP out_sig0, operation Mode is: (PCIN>>17)+A*B.
DSP Report: operator out_sig0 is absorbed into DSP out_sig0.
DSP Report: operator out_sig0 is absorbed into DSP out_sig0.
WARNING: [Synth 8-3917] design alchitry_top has port led[7] driven by constant 0
WARNING: [Synth 8-3917] design alchitry_top has port io_led[1][6] driven by constant 0
WARNING: [Synth 8-3917] design alchitry_top has port io_led[1][5] driven by constant 0
WARNING: [Synth 8-3917] design alchitry_top has port io_led[1][4] driven by constant 0
WARNING: [Synth 8-3917] design alchitry_top has port io_led[1][3] driven by constant 0
WARNING: [Synth 8-3917] design alchitry_top has port io_led[1][2] driven by constant 0
WARNING: [Synth 8-3917] design alchitry_top has port io_led[1][1] driven by constant 0
WARNING: [Synth 8-3917] design alchitry_top has port io_led[1][0] driven by constant 0
WARNING: [Synth 8-3917] design alchitry_top has port io_segment[7] driven by constant 1
WARNING: [Synth 8-7129] Port level[3] in module led_bar_handler is either unconnected or has no load
WARNING: [Synth 8-7129] Port level[2] in module led_bar_handler is either unconnected or has no load
WARNING: [Synth 8-7129] Port level[1] in module led_bar_handler is either unconnected or has no load
WARNING: [Synth 8-7129] Port level[0] in module led_bar_handler is either unconnected or has no load
WARNING: [Synth 8-7129] Port bool_timer in module game_cu is either unconnected or has no load
WARNING: [Synth 8-7129] Port io_button[4] in module alchitry_top is either unconnected or has no load
WARNING: [Synth 8-7129] Port io_button[3] in module alchitry_top is either unconnected or has no load
WARNING: [Synth 8-7129] Port io_button[2] in module alchitry_top is either unconnected or has no load
WARNING: [Synth 8-7129] Port io_button[1] in module alchitry_top is either unconnected or has no load
WARNING: [Synth 8-7129] Port io_button[0] in module alchitry_top is either unconnected or has no load
WARNING: [Synth 8-7129] Port io_dip[2][7] in module alchitry_top is either unconnected or has no load
WARNING: [Synth 8-7129] Port io_dip[2][6] in module alchitry_top is either unconnected or has no load
WARNING: [Synth 8-7129] Port io_dip[2][5] in module alchitry_top is either unconnected or has no load
WARNING: [Synth 8-7129] Port io_dip[2][4] in module alchitry_top is either unconnected or has no load
WARNING: [Synth 8-7129] Port io_dip[2][3] in module alchitry_top is either unconnected or has no load
WARNING: [Synth 8-7129] Port io_dip[2][2] in module alchitry_top is either unconnected or has no load
WARNING: [Synth 8-7129] Port data in module alchitry_top is either unconnected or has no load
WARNING: [Synth 8-3332] Sequential element (strip_driver/FSM_sequential_D_state_q_reg[1]) is unused and will be removed from module led_bar_handler.
WARNING: [Synth 8-3332] Sequential element (strip_driver/FSM_sequential_D_state_q_reg[0]) is unused and will be removed from module led_bar_handler.
---------------------------------------------------------------------------------
Finished Cross Boundary and Area Optimization : Time (s): cpu = 00:00:39 ; elapsed = 00:00:40 . Memory (MB): peak = 1277.480 ; gain = 796.590
---------------------------------------------------------------------------------
 Sort Area is  out_sig0_0 : 0 0 : 3101 5879 : Used 1 time 0
 Sort Area is  out_sig0_0 : 0 1 : 2778 5879 : Used 1 time 0
 Sort Area is  out_sig0_3 : 0 0 : 2759 5418 : Used 1 time 0
 Sort Area is  out_sig0_3 : 0 1 : 2659 5418 : Used 1 time 0
---------------------------------------------------------------------------------
Start ROM, RAM, DSP, Shift Register and Retiming Reporting
---------------------------------------------------------------------------------

DSP: Preliminary Mapping Report (see note below. The ' indicates corresponding REG is set)
+------------+----------------+--------+--------+--------+--------+--------+------+------+------+------+-------+------+------+
|Module Name | DSP Mapping    | A Size | B Size | C Size | D Size | P Size | AREG | BREG | CREG | DREG | ADREG | MREG | PREG | 
+------------+----------------+--------+--------+--------+--------+--------+------+------+------+------+-------+------+------+
|alu         | A*B            | 18     | 16     | -      | -      | 48     | 0    | 0    | -    | -    | -     | 0    | 0    | 
|alu         | (PCIN>>17)+A*B | 16     | 16     | -      | -      | 48     | 0    | 0    | -    | -    | -     | 0    | 0    | 
|alu         | A*B            | 18     | 18     | -      | -      | 48     | 0    | 0    | -    | -    | -     | 0    | 0    | 
|alu         | (PCIN>>17)+A*B | 18     | 16     | -      | -      | 48     | 0    | 0    | -    | -    | -     | 0    | 0    | 
+------------+----------------+--------+--------+--------+--------+--------+------+------+------+------+-------+------+------+

Note: The table above is a preliminary report that shows the DSPs inferred at the current stage of the synthesis flow. Some DSP may be reimplemented as non DSP primitives later in the synthesis flow. Multiple instantiated DSPs are reported only once.
---------------------------------------------------------------------------------
Finished ROM, RAM, DSP, Shift Register and Retiming Reporting
---------------------------------------------------------------------------------
---------------------------------------------------------------------------------
Start Applying XDC Timing Constraints
---------------------------------------------------------------------------------
---------------------------------------------------------------------------------
Finished Applying XDC Timing Constraints : Time (s): cpu = 00:00:49 ; elapsed = 00:00:50 . Memory (MB): peak = 1296.082 ; gain = 815.191
---------------------------------------------------------------------------------
---------------------------------------------------------------------------------
Start Timing Optimization
---------------------------------------------------------------------------------
---------------------------------------------------------------------------------
Finished Timing Optimization : Time (s): cpu = 00:01:04 ; elapsed = 00:01:06 . Memory (MB): peak = 1509.598 ; gain = 1028.707
---------------------------------------------------------------------------------
---------------------------------------------------------------------------------
Start Technology Mapping
---------------------------------------------------------------------------------
---------------------------------------------------------------------------------
Finished Technology Mapping : Time (s): cpu = 00:01:05 ; elapsed = 00:01:07 . Memory (MB): peak = 1518.633 ; gain = 1037.742
---------------------------------------------------------------------------------
---------------------------------------------------------------------------------
Start IO Insertion
---------------------------------------------------------------------------------
---------------------------------------------------------------------------------
Start Flattening Before IO Insertion
---------------------------------------------------------------------------------
---------------------------------------------------------------------------------
Finished Flattening Before IO Insertion
---------------------------------------------------------------------------------
---------------------------------------------------------------------------------
Start Final Netlist Cleanup
---------------------------------------------------------------------------------
---------------------------------------------------------------------------------
Finished Final Netlist Cleanup
---------------------------------------------------------------------------------
---------------------------------------------------------------------------------
Finished IO Insertion : Time (s): cpu = 00:01:09 ; elapsed = 00:01:11 . Memory (MB): peak = 1591.949 ; gain = 1111.059
---------------------------------------------------------------------------------
---------------------------------------------------------------------------------
Start Renaming Generated Instances
---------------------------------------------------------------------------------
---------------------------------------------------------------------------------
Finished Renaming Generated Instances : Time (s): cpu = 00:01:09 ; elapsed = 00:01:11 . Memory (MB): peak = 1591.949 ; gain = 1111.059
---------------------------------------------------------------------------------
---------------------------------------------------------------------------------
Start Rebuilding User Hierarchy
---------------------------------------------------------------------------------
---------------------------------------------------------------------------------
Finished Rebuilding User Hierarchy : Time (s): cpu = 00:01:09 ; elapsed = 00:01:11 . Memory (MB): peak = 1591.949 ; gain = 1111.059
---------------------------------------------------------------------------------
---------------------------------------------------------------------------------
Start Renaming Generated Ports
---------------------------------------------------------------------------------
---------------------------------------------------------------------------------
Finished Renaming Generated Ports : Time (s): cpu = 00:01:09 ; elapsed = 00:01:11 . Memory (MB): peak = 1591.949 ; gain = 1111.059
---------------------------------------------------------------------------------
---------------------------------------------------------------------------------
Start Handling Custom Attributes
---------------------------------------------------------------------------------
---------------------------------------------------------------------------------
Finished Handling Custom Attributes : Time (s): cpu = 00:01:09 ; elapsed = 00:01:11 . Memory (MB): peak = 1591.949 ; gain = 1111.059
---------------------------------------------------------------------------------
---------------------------------------------------------------------------------
Start Renaming Generated Nets
---------------------------------------------------------------------------------
---------------------------------------------------------------------------------
Finished Renaming Generated Nets : Time (s): cpu = 00:01:09 ; elapsed = 00:01:11 . Memory (MB): peak = 1591.949 ; gain = 1111.059
---------------------------------------------------------------------------------
---------------------------------------------------------------------------------
Start Writing Synthesis Report
---------------------------------------------------------------------------------

DSP Final Report (the ' indicates corresponding REG is set)
+------------+--------------+--------+--------+--------+--------+--------+------+------+------+------+-------+------+------+
|Module Name | DSP Mapping  | A Size | B Size | C Size | D Size | P Size | AREG | BREG | CREG | DREG | ADREG | MREG | PREG | 
+------------+--------------+--------+--------+--------+--------+--------+------+------+------+------+-------+------+------+
|alu         | A*B          | 17     | 15     | -      | -      | 48     | 0    | 0    | -    | -    | -     | 0    | 0    | 
|alu         | A*B          | 17     | 17     | -      | -      | 48     | 0    | 0    | -    | -    | -     | 0    | 0    | 
|alu         | PCIN>>17+A*B | 17     | 15     | -      | -      | 48     | 0    | 0    | -    | -    | -     | 0    | 0    | 
+------------+--------------+--------+--------+--------+--------+--------+------+------+------+------+-------+------+------+


Report BlackBoxes: 
+-+--------------+----------+
| |BlackBox name |Instances |
+-+--------------+----------+
+-+--------------+----------+

Report Cell Usage: 
+------+--------+------+
|      |Cell    |Count |
+------+--------+------+
|1     |BUFG    |     1|
|2     |CARRY4  |   142|
|3     |DSP48E1 |     3|
|4     |LUT1    |    88|
|5     |LUT2    |   167|
|6     |LUT3    |    33|
|7     |LUT4    |   170|
|8     |LUT5    |    93|
|9     |LUT6    |   551|
|10    |FDPE    |     4|
|11    |FDRE    |   883|
|12    |FDSE    |     1|
|13    |IBUF    |    21|
|14    |OBUF    |    45|
+------+--------+------+
---------------------------------------------------------------------------------
Finished Writing Synthesis Report : Time (s): cpu = 00:01:09 ; elapsed = 00:01:11 . Memory (MB): peak = 1591.949 ; gain = 1111.059
---------------------------------------------------------------------------------
Synthesis finished with 0 errors, 0 critical warnings and 29 warnings.
Synthesis Optimization Runtime : Time (s): cpu = 00:01:00 ; elapsed = 00:01:09 . Memory (MB): peak = 1591.949 ; gain = 1013.727
Synthesis Optimization Complete : Time (s): cpu = 00:01:10 ; elapsed = 00:01:12 . Memory (MB): peak = 1591.949 ; gain = 1111.059
INFO: [Project 1-571] Translating synthesized netlist
Netlist sorting complete. Time (s): cpu = 00:00:00 ; elapsed = 00:00:00.016 . Memory (MB): peak = 1601.215 ; gain = 0.000
INFO: [Netlist 29-17] Analyzing 145 Unisim elements for replacement
INFO: [Netlist 29-28] Unisim Transformation completed in 0 CPU seconds
INFO: [Project 1-570] Preparing netlist for logic optimization
INFO: [Opt 31-138] Pushed 0 inverter(s) to 0 load pin(s).
Netlist sorting complete. Time (s): cpu = 00:00:00 ; elapsed = 00:00:00 . Memory (MB): peak = 1604.859 ; gain = 0.000
INFO: [Project 1-111] Unisim Transformation Summary:
No Unisim elements were transformed.

Synth Design complete | Checksum: 73aa5e81
INFO: [Common 17-83] Releasing license: Synthesis
64 Infos, 50 Warnings, 0 Critical Warnings and 0 Errors encountered.
synth_design completed successfully
synth_design: Time (s): cpu = 00:01:14 ; elapsed = 00:01:17 . Memory (MB): peak = 1604.859 ; gain = 1317.824
Write ShapeDB Complete: Time (s): cpu = 00:00:00 ; elapsed = 00:00:00.006 . Memory (MB): peak = 1604.859 ; gain = 0.000
INFO: [Common 17-1381] The checkpoint 'C:/Users/amith/OneDrive/Documents/VS Code Projects/1d-project-cl01-team-15/1d Game/build/vivado/1d Game.runs/synth_1/alchitry_top.dcp' has been generated.
INFO: [Vivado 12-24828] Executing command : report_utilization -file alchitry_top_utilization_synth.rpt -pb alchitry_top_utilization_synth.pb
INFO: [Common 17-206] Exiting Vivado at Tue Apr 15 16:51:52 2025...
