Copyright 1986-2022 Xilinx, Inc. All Rights Reserved. Copyright 2022-2024 Advanced Micro Devices, Inc. All Rights Reserved.
---------------------------------------------------------------------------------------------------------------------------------------------
| Tool Version : Vivado v.2024.2 (win64) Build 5239630 Fri Nov 08 22:35:27 MST 2024
| Date         : Tue Apr 15 16:52:46 2025
| Host         : Amith_Zen running 64-bit major release  (build 9200)
| Command      : report_control_sets -verbose -file alchitry_top_control_sets_placed.rpt
| Design       : alchitry_top
| Device       : xc7a35t
---------------------------------------------------------------------------------------------------------------------------------------------

Control Set Information

Table of Contents
-----------------
1. Summary
2. Histogram
3. Flip-Flop Distribution
4. Detailed Control Set Information

1. Summary
----------

+----------------------------------------------------------+-------+
|                          Status                          | Count |
+----------------------------------------------------------+-------+
| Total control sets                                       |    35 |
|    Minimum number of control sets                        |    35 |
|    Addition due to synthesis replication                 |     0 |
|    Addition due to physical synthesis replication        |     0 |
| Unused register locations in slices containing registers |   166 |
+----------------------------------------------------------+-------+
* Control sets can be merged at opt_design using control_set_merge or merge_equivalent_drivers
** Run report_qor_suggestions for automated merging and remapping suggestions


2. Histogram
------------

+--------------------+-------+
|       Fanout       | Count |
+--------------------+-------+
| Total control sets |    35 |
| >= 0 to < 4        |     0 |
| >= 4 to < 6        |     1 |
| >= 6 to < 8        |     0 |
| >= 8 to < 10       |     0 |
| >= 10 to < 12      |     0 |
| >= 12 to < 14      |     0 |
| >= 14 to < 16      |     0 |
| >= 16              |    34 |
+--------------------+-------+
* Control sets can be remapped at either synth_design or opt_design


3. Flip-Flop Distribution
-------------------------

+--------------+-----------------------+------------------------+-----------------+--------------+
| Clock Enable | Synchronous Set/Reset | Asynchronous Set/Reset | Total Registers | Total Slices |
+--------------+-----------------------+------------------------+-----------------+--------------+
| No           | No                    | No                     |              59 |           19 |
| No           | No                    | Yes                    |               4 |            2 |
| No           | Yes                   | No                     |              77 |           22 |
| Yes          | No                    | No                     |               0 |            0 |
| Yes          | No                    | Yes                    |               0 |            0 |
| Yes          | Yes                   | No                     |             758 |          291 |
+--------------+-----------------------+------------------------+-----------------+--------------+


4. Detailed Control Set Information
-----------------------------------

+----------------+---------------------------------------------------------------------------+----------------------------------------------------------------------------+------------------+----------------+--------------+
|  Clock Signal  |                               Enable Signal                               |                              Set/Reset Signal                              | Slice Load Count | Bel Load Count | Bels / Slice |
+----------------+---------------------------------------------------------------------------+----------------------------------------------------------------------------+------------------+----------------+--------------+
|  clk_IBUF_BUFG |                                                                           | reset_cond/M_reset_cond_in                                                 |                2 |              4 |         2.00 |
|  clk_IBUF_BUFG | input_handler/forLoop_idx_0_1692661959[11].btn_cond/D_ctr_q[0]_i_2__7_n_0 | input_handler/forLoop_idx_0_1692661959[11].btn_cond/sync/D_pipe_q_reg[1]_0 |                5 |             17 |         3.40 |
|  clk_IBUF_BUFG | input_handler/forLoop_idx_0_1692661959[6].btn_cond/D_ctr_q[0]_i_2__12_n_0 | input_handler/forLoop_idx_0_1692661959[6].btn_cond/sync/D_pipe_q_reg[1]_0  |                5 |             17 |         3.40 |
|  clk_IBUF_BUFG | input_handler/forLoop_idx_0_1692661959[12].btn_cond/D_ctr_q[0]_i_2__6_n_0 | input_handler/forLoop_idx_0_1692661959[12].btn_cond/sync/D_pipe_q_reg[1]_0 |                5 |             17 |         3.40 |
|  clk_IBUF_BUFG | input_handler/forLoop_idx_0_1692661959[13].btn_cond/D_ctr_q[0]_i_2__5_n_0 | input_handler/forLoop_idx_0_1692661959[13].btn_cond/sync/D_pipe_q_reg[1]_0 |                5 |             17 |         3.40 |
|  clk_IBUF_BUFG | input_handler/forLoop_idx_0_1692661959[14].btn_cond/D_ctr_q[0]_i_2__4_n_0 | input_handler/forLoop_idx_0_1692661959[14].btn_cond/sync/D_pipe_q_reg[1]_0 |                5 |             17 |         3.40 |
|  clk_IBUF_BUFG | input_handler/forLoop_idx_0_1692661959[15].btn_cond/D_ctr_q[0]_i_2__3_n_0 | input_handler/forLoop_idx_0_1692661959[15].btn_cond/sync/D_pipe_q_reg[1]_0 |                5 |             17 |         3.40 |
|  clk_IBUF_BUFG | input_handler/forLoop_idx_0_1692661959[16].btn_cond/D_ctr_q_reg[13]_0     | input_handler/forLoop_idx_0_1692661959[16].btn_cond/sync/D_pipe_q_reg[1]_0 |                5 |             17 |         3.40 |
|  clk_IBUF_BUFG | input_handler/forLoop_idx_0_1692661959[17].btn_cond/sel                   | input_handler/forLoop_idx_0_1692661959[17].btn_cond/sync/clear             |                5 |             17 |         3.40 |
|  clk_IBUF_BUFG | input_handler/forLoop_idx_0_1692661959[1].btn_cond/D_ctr_q_reg[13]_0      | input_handler/forLoop_idx_0_1692661959[1].btn_cond/sync/D_pipe_q_reg[1]_0  |                5 |             17 |         3.40 |
|  clk_IBUF_BUFG | input_handler/forLoop_idx_0_1692661959[2].btn_cond/D_ctr_q[0]_i_2__16_n_0 | input_handler/forLoop_idx_0_1692661959[2].btn_cond/sync/D_pipe_q_reg[1]_0  |                5 |             17 |         3.40 |
|  clk_IBUF_BUFG | input_handler/forLoop_idx_0_1692661959[3].btn_cond/D_ctr_q_reg[13]_0      | input_handler/forLoop_idx_0_1692661959[3].btn_cond/sync/D_pipe_q_reg[1]_0  |                5 |             17 |         3.40 |
|  clk_IBUF_BUFG | input_handler/forLoop_idx_0_1692661959[4].btn_cond/D_ctr_q[0]_i_2__14_n_0 | input_handler/forLoop_idx_0_1692661959[4].btn_cond/sync/D_pipe_q_reg[1]_0  |                5 |             17 |         3.40 |
|  clk_IBUF_BUFG | input_handler/forLoop_idx_0_1692661959[5].btn_cond/D_ctr_q[0]_i_2__13_n_0 | input_handler/forLoop_idx_0_1692661959[5].btn_cond/sync/D_pipe_q_reg[1]_0  |                5 |             17 |         3.40 |
|  clk_IBUF_BUFG | input_handler/forLoop_idx_0_1692661959[0].btn_cond/D_ctr_q[0]_i_2__18_n_0 | input_handler/forLoop_idx_0_1692661959[0].btn_cond/sync/D_pipe_q_reg[1]_0  |                5 |             17 |         3.40 |
|  clk_IBUF_BUFG | input_handler/forLoop_idx_0_1692661959[10].btn_cond/D_ctr_q[0]_i_2__8_n_0 | input_handler/forLoop_idx_0_1692661959[10].btn_cond/sync/D_pipe_q_reg[1]_0 |                5 |             17 |         3.40 |
|  clk_IBUF_BUFG | input_handler/forLoop_idx_0_1692661959[7].btn_cond/D_ctr_q[0]_i_2__11_n_0 | input_handler/forLoop_idx_0_1692661959[7].btn_cond/sync/D_pipe_q_reg[1]_0  |                5 |             17 |         3.40 |
|  clk_IBUF_BUFG | input_handler/forLoop_idx_0_1692661959[8].btn_cond/D_ctr_q[0]_i_2__10_n_0 | input_handler/forLoop_idx_0_1692661959[8].btn_cond/sync/D_pipe_q_reg[1]_0  |                5 |             17 |         3.40 |
|  clk_IBUF_BUFG | input_handler/forLoop_idx_0_1692661959[9].btn_cond/D_ctr_q[0]_i_2__9_n_0  | input_handler/forLoop_idx_0_1692661959[9].btn_cond/sync/D_pipe_q_reg[1]_0  |                5 |             17 |         3.40 |
|  clk_IBUF_BUFG |                                                                           | seg/ctr/D_ctr_q[0]_i_1_n_0                                                 |                5 |             18 |         3.60 |
|  clk_IBUF_BUFG | game_datapath/game_cu/D_stage_q_reg[3]_20[0]                              | reset_cond/Q[0]                                                            |               13 |             32 |         2.46 |
|  clk_IBUF_BUFG | game_datapath/game_cu/D_stage_q_reg[3]_12[0]                              | reset_cond/Q[0]                                                            |               16 |             32 |         2.00 |
|  clk_IBUF_BUFG | game_datapath/game_cu/D_stage_q_reg[3]_10[0]                              | reset_cond/Q[0]                                                            |               14 |             32 |         2.29 |
|  clk_IBUF_BUFG | game_datapath/game_cu/D_stage_q_reg[3]_13[0]                              | reset_cond/Q[0]                                                            |               12 |             32 |         2.67 |
|  clk_IBUF_BUFG | game_datapath/game_cu/D_stage_q_reg[3]_15[0]                              | reset_cond/Q[0]                                                            |               16 |             32 |         2.00 |
|  clk_IBUF_BUFG | game_datapath/game_cu/D_stage_q_reg[3]_18[0]                              | reset_cond/Q[0]                                                            |               14 |             32 |         2.29 |
|  clk_IBUF_BUFG | game_datapath/game_cu/D_stage_q_reg[3]_11[0]                              | reset_cond/Q[0]                                                            |               17 |             32 |         1.88 |
|  clk_IBUF_BUFG | game_datapath/game_cu/D_stage_q_reg[3]_16[0]                              | reset_cond/Q[0]                                                            |               14 |             32 |         2.29 |
|  clk_IBUF_BUFG | game_datapath/game_cu/E[0]                                                | reset_cond/Q[0]                                                            |               15 |             32 |         2.13 |
|  clk_IBUF_BUFG | game_datapath/game_cu/D_stage_q_reg[3]_17[0]                              | reset_cond/Q[0]                                                            |               16 |             33 |         2.06 |
|  clk_IBUF_BUFG | game_datapath/game_cu/D_stage_q_reg[3]_14[0]                              | reset_cond/Q[0]                                                            |               17 |             36 |         2.12 |
|  clk_IBUF_BUFG | game_datapath/game_cu/D_stage_q_reg[3]_19[0]                              | reset_cond/Q[0]                                                            |               20 |             37 |         1.85 |
|  clk_IBUF_BUFG | game_datapath/game_cu/FSM_onehot_D_game_fsm_q[57]_i_1_n_0                 | reset_cond/Q[0]                                                            |               17 |             58 |         3.41 |
|  clk_IBUF_BUFG |                                                                           | reset_cond/Q[0]                                                            |               17 |             59 |         3.47 |
|  clk_IBUF_BUFG |                                                                           |                                                                            |               19 |             59 |         3.11 |
+----------------+---------------------------------------------------------------------------+----------------------------------------------------------------------------+------------------+----------------+--------------+


